// Jest Snapshot v1, https://goo.gl/fbAQLP

exports[`A pagina de configuração Deve ser renderizada corretamente 1`] = `
<div>
  <div
    class="card"
  >
    <section>
      <h2>
        Vamos começar
      </h2>
      <form>
        <div
          class="grupo_input"
        >
          <input
            placeholder="Insira o nome dos participantes"
            type="text"
            value=""
          />
          <button
            disabled=""
          >
            Adicionar
          </button>
        </div>
        
      </form>
      <ul />
      <footer>
        <button
          disabled=""
        >
          Iniciar a brincadeira
        </button>
      </footer>
    </section>
  </div>
</div>
`;
